// Jest Snapshot v1, https://goo.gl/fbAQLP

exports[`Test App renders without crashing 1`] = `
<Provider
  store={
    Object {
      "dispatch": [Function],
      "getState": [Function],
      "replaceReducer": [Function],
      "subscribe": [Function],
      Symbol(observable): [Function],
    }
  }
>
  <GlobalProvider>
    <ContextConsumer>
      <Component />
    </ContextConsumer>
  </GlobalProvider>
</Provider>
`;
