// Jest Snapshot v1, https://goo.gl/fbAQLP

exports[`Test PageLayout renders without crashing 1`] = `<Component />`;
